// Jest Snapshot v1, https://goo.gl/fbAQLP

exports[`Home should render the home component 1`] = `
<section
  className="home"
>
  <div
    className="contentWrap"
  >
    <h2>
      Welcome to our page!
    </h2>
    <p>
      <p>
        Lorem ipsum odor amet, consectetuer adipiscing elit. Augue magna nibh torquent ullamcorper fusce. Sem duis arcu eleifend magnis tortor. Sed egestas ullamcorper porta proin vulputate curae mattis. Turpis nulla a varius mauris ridiculus ligula. Molestie ultricies etiam scelerisque hendrerit risus porta netus a. Viverra rhoncus a egestas habitant aenean semper ligula pellentesque.
      </p>
      <p>
        Efficitur neque vel conubia interdum efficitur aptent magnis. Odio mauris curabitur a velit dictum ante primis facilisi. Vestibulum tortor proin eget in interdum leo sed tempus. Tempor ridiculus laoreet adipiscing felis condimentum accumsan finibus dui. Nunc ridiculus non lorem conubia facilisi eros magnis. Non diam faucibus blandit dapibus nostra.
      </p>
    </p>
  </div>
</section>
`;
